// Jest Snapshot v1, https://goo.gl/fbAQLP

exports[`testing component <Footer /> <Footer /> render without crashing 1`] = `ShallowWrapper {}`;
